#-----------------------------------------------------------
# Vivado v2024.2.2 (64-bit)
# SW Build 6060944 on Thu Mar 06 19:10:01 MST 2025
# IP Build 6050500 on Thu Mar  6 23:33:39 MST 2025
# SharedData Build 6060542 on Thu Mar 06 10:31:07 MST 2025
# Start of session at: Wed Oct 29 10:12:35 2025
# Process ID         : 26528
# Current directory  : C:/Users/alext/Desktop/School/ECEN_340/sseg_x4 _top/sseg_x4 _top.runs/impl_1
# Command line       : vivado.exe -log sseg_x4_top.vdi -applog -product Vivado -messageDb vivado.pb -mode batch -source sseg_x4_top.tcl -notrace
# Log file           : C:/Users/alext/Desktop/School/ECEN_340/sseg_x4 _top/sseg_x4 _top.runs/impl_1/sseg_x4_top.vdi
# Journal file       : C:/Users/alext/Desktop/School/ECEN_340/sseg_x4 _top/sseg_x4 _top.runs/impl_1\vivado.jou
# Running On         : Alex
# Platform           : Windows Server 2016 or Windows 10
# Operating System   : 26200
# Processor Detail   : 13th Gen Intel(R) Core(TM) i7-1360P
# CPU Frequency      : 2611 MHz
# CPU Physical cores : 12
# CPU Logical cores  : 16
# Host memory        : 34085 MB
# Swap memory        : 34359 MB
# Total Virtual      : 68444 MB
# Available Virtual  : 47151 MB
#-----------------------------------------------------------
source sseg_x4_top.tcl -notrace
