../Core/Src/main.c:71:5:main	48	static
../Core/Src/main.c:174:6:HAL_UARTEx_RxEventCallback	16	static
../Core/Src/main.c:191:6:HAL_UART_ErrorCallback	16	static
../Core/Src/main.c:195:6:Listen_For_Next_Chunk	8	static
../Core/Src/main.c:201:6:Send_Webhook_Trigger	72	static
../Core/Src/main.c:209:6:ST7735_SetAddressWindow	32	static
../Core/Src/main.c:226:6:ST7735_DrawImage	16	static
../Core/Src/main.c:234:6:ST7735_WriteData	16	static
../Core/Src/main.c:240:6:ST7735_WriteCommand	16	static
../Core/Src/main.c:246:6:ST7735_Init	16	static
../Core/Src/main.c:264:6:ST7735_FillScreen	24	static
../Core/Src/main.c:273:6:ST7735_DrawPixel	24	static
../Core/Src/main.c:279:6:ST7735_UpdateCharCursor	16	static
../Core/Src/main.c:282:6:ST7735_PrintChar	40	static
../Core/Src/main.c:298:6:ST7735_PrintString	24	static
../Core/Src/main.c:303:6:SystemClock_Config	96	static
../Core/Src/main.c:325:13:MX_SPI1_Init	8	static
../Core/Src/main.c:340:13:MX_USART2_UART_Init	8	static
../Core/Src/main.c:352:13:MX_DMA_Init	16	static
../Core/Src/main.c:357:13:MX_GPIO_Init	48	static
../Core/Src/main.c:380:6:Error_Handler	4	static,ignoring_inline_asm
